
> vite_react_shadcn_ts@0.0.0 build
> vite build

[36mvite v7.3.1 [32mbuilding client environment for production...[36m[39m
transforming...
node.exe : Browserslist: browsers data (caniuse-lite) is 11 months old. Please run:
At line:1 char:1
+ & "C:\Program Files\nodejs/node.exe" "C:\Users\admin\AppData\Roaming\ ...
+ ~~~~~~~~~~~~~~~~~~~~~~~~~~~~~~~~~~~~~~~~~~~~~~~~~~~~~~~~~~~~~~~~~~~~~
    + CategoryInfo          : NotSpecified: (Browserslist: b...ld. Please run::String) [], RemoteException
    + FullyQualifiedErrorId : NativeCommandError
 
  npx update-browserslist-db@latest
  Why you should do it regularly: https://github.com/browserslist/update-db#readme
[32mÔ£ô[39m 7 modules transformed.
[31mÔ£ù[39m Build failed in 1.35s
[31merror during build:
[31m[vite:esbuild] Transform failed with 1 error:
C:/Users/admin/Desktop/work/freelance/navpro/remix-of-discovery-compass-main/src/pages/Roadmap.tsx:78:36: ERROR: 
Syntax error "`"[31m
file: 
[36mC:/Users/admin/Desktop/work/freelance/navpro/remix-of-discovery-compass-main/src/pages/Roadmap.tsx:78:36[31m
[33m
[33mSyntax error "`"[33m
76 |  
77 |      try {
78 |        const response = await 
fetch(\`https://generativelanguage.googleapis.com/v1beta/models/gemini-flash-latest:gene...
   |                                      ^
79 |          method: "POST",
80 |          headers: {
[31m
    at failureErrorWithLog 
(C:\Users\admin\Desktop\work\freelance\navpro\remix-of-discovery-compass-main\node_modules\esbuild\lib\main.js:1467:15)
    at 
C:\Users\admin\Desktop\work\freelance\navpro\remix-of-discovery-compass-main\node_modules\esbuild\lib\main.js:736:50
    at responseCallbacks.<computed> 
(C:\Users\admin\Desktop\work\freelance\navpro\remix-of-discovery-compass-main\node_modules\esbuild\lib\main.js:603:9)
    at handleIncomingPacket 
(C:\Users\admin\Desktop\work\freelance\navpro\remix-of-discovery-compass-main\node_modules\esbuild\lib\main.js:658:12)
    at Socket.readFromStdout 
(C:\Users\admin\Desktop\work\freelance\navpro\remix-of-discovery-compass-main\node_modules\esbuild\lib\main.js:581:7)
    at Socket.emit (node:events:518:28)
    at addChunk (node:internal/streams/readable:561:12)
    at readableAddChunkPushByteMode (node:internal/streams/readable:512:3)
    at Readable.push (node:internal/streams/readable:392:5)
    at Pipe.onStreamRead (node:internal/stream_base_commons:189:23)[39m
